Microchip MPLAB XC8 Compiler V1.12 ()

Linker command line:

--edf=C:\Program Files (x86)\Microchip\xc8\v1.12\dat\en_msgs.txt -cs \
  -h+BTRelay.sym -z -Q18F252 -ol.obj -MBTRelay.map -E1 -ver=XC8 \
  -ACODE=00h-03FFFhx2 -ACONST=00h-07FFFh -ASMALLCONST=0600h-06FFhx122 \
  -AMEDIUMCONST=0600h-07FFFh -ACOMRAM=01h-07Fh -AABS1=00h-05FFh \
  -ABIGRAM=01h-05FFh -ARAM=080h-0FFh,0100h-01FFhx5 -ABANK0=080h-0FFh \
  -ABANK1=0100h-01FFh -ABANK2=0200h-02FFh -ABANK3=0300h-03FFh \
  -ABANK4=0400h-04FFh -ABANK5=0500h-05FFh -ASFR=0F80h-0FFFh \
  -preset_vec=00h,intcode=08h,intcodelo,powerup,init,end_init \
  -pramtop=0600h -psmallconst=SMALLCONST -pmediumconst=MEDIUMCONST \
  -pconst=CONST -AFARRAM=00h-00h -ACONFIG=0300000h-030000Dh -pconfig=CONFIG \
  -AIDLOC=0200000h-0200007h -pidloc=IDLOC -AEEDATA=0F00000h-0F000FFh \
  -peeprom_data=EEDATA \
  -prdata=COMRAM,nvrram=COMRAM,nvbit=COMRAM,rbss=COMRAM,rbit=COMRAM \
  -pfarbss=FARRAM,fardata=FARRAM \
  -pintsave_regs=BIGRAM,bigbss=BIGRAM,bigdata=BIGRAM -pbss=RAM \
  -pidata=CODE,irdata=CODE,ibigdata=CODE,ifardata=CODE \
  C:\Users\Andres\AppData\Local\Temp\sdg4.obj BTRelay.obj 

Object code version is 3.10

Machine type is 18F252

Call graph: (short form)




                Name                               Link     Load   Length Selector   Space Scale
C:\Users\Andres\AppData\Local\Temp\sdg4.obj
                end_init                             AA       AA        4        4       0
                reset_vec                             0        0        6        0       0
                config                           300000   300000        8   300000       0
BTRelay.obj     intcode                               8        8       A2        4       0
                smallconst                          600      600       42      300       0
                text31                              F04      F04       84      321       0
                text30                             13D6     13D6        E      321       0
                text29                              C5C      C5C       C2      321       0
                text28                              FF4      FF4       66      321       0
                text27                             133C     133C       1E      321       0
                text25                             11B0     11B0       42      321       0
                text24                             1272     1272       34      321       0
                text23                             1376     1376       18      321       0
                text22                             135A     135A       1C      321       0
                text21                             12CE     12CE       26      321       0
                text20                              B94      B94       C8      321       0
                text19                             13E4     13E4        A      321       0
                text18                              F88      F88       6C      321       0
                text17                             116E     116E       42      321       0
                text16                             138E     138E       16      321       0
                text15                             12A6     12A6       28      321       0
                text14                             13B6     13B6       12      321       0
                text13                             13A4     13A4       12      321       0
                text12                              AC4      AC4       D0      321       0
                text11                             1118     1118       56      321       0
                text10                             13C8     13C8        E      321       0
                text9                               9C2      9C2      102      321       0
                text8                               DDA      DDA       A0      321       0
                text7                              105A     105A       62      321       0
                text6                              10BC     10BC       5C      321       0
                text5                               D1E      D1E       BC      321       0
                text4                              1318     1318       24      321       0
                text3                               E7A      E7A       8A      321       0
                text2                              1232     1232       40      321       0
                text1                              12F4     12F4       24      321       0
                text0                               642      642      380      321       0
                cstackCOMRAM                          1        1       3A        1       1
                bssBANK1                            100      100       80      100       1
                bssBANK0                             80       80       80       80       1
                dataCOMRAM                           57       57        1        1       1
                bssCOMRAM                            3B       3B       1C        1       1
                cinit                              11F2     11F2       40      321       0
                idataCOMRAM                        13EE     13EE        1      321       0

TOTAL           Name                               Link     Load   Length     Space
        CLASS   CODE           
                end_init                             AA       AA        4         0
                intcode                               8        8       A2         0
                reset_vec                             0        0        6         0
                text31                              F04      F04       84         0
                text30                             13D6     13D6        E         0
                text29                              C5C      C5C       C2         0
                text28                              FF4      FF4       66         0
                text27                             133C     133C       1E         0
                text25                             11B0     11B0       42         0
                text24                             1272     1272       34         0
                text23                             1376     1376       18         0
                text22                             135A     135A       1C         0
                text21                             12CE     12CE       26         0
                text20                              B94      B94       C8         0
                text19                             13E4     13E4        A         0
                text18                              F88      F88       6C         0
                text17                             116E     116E       42         0
                text16                             138E     138E       16         0
                text15                             12A6     12A6       28         0
                text14                             13B6     13B6       12         0
                text13                             13A4     13A4       12         0
                text12                              AC4      AC4       D0         0
                text11                             1118     1118       56         0
                text10                             13C8     13C8        E         0
                text9                               9C2      9C2      102         0
                text8                               DDA      DDA       A0         0
                text7                              105A     105A       62         0
                text6                              10BC     10BC       5C         0
                text5                               D1E      D1E       BC         0
                text4                              1318     1318       24         0
                text3                               E7A      E7A       8A         0
                text2                              1232     1232       40         0
                text1                              12F4     12F4       24         0
                text0                               642      642      380         0
                cinit                              11F2     11F2       40         0
                idataCOMRAM                        13EE     13EE        1         0

        CLASS   CONST          

        CLASS   SMALLCONST     
                smallconst                          600      600       42         0

        CLASS   MEDIUMCONST    

        CLASS   COMRAM         
                cstackCOMRAM                          1        1       3A         1
                dataCOMRAM                           57       57        1         1
                bssCOMRAM                            3B       3B       1C         1

        CLASS   ABS1           

        CLASS   BIGRAM         

        CLASS   RAM            

        CLASS   BANK0          
                bssBANK0                             80       80       80         1

        CLASS   BANK1          
                bssBANK1                            100      100       80         1

        CLASS   BANK2          

        CLASS   BANK3          

        CLASS   BANK4          

        CLASS   BANK5          

        CLASS   SFR            

        CLASS   FARRAM         

        CLASS   CONFIG         
                config                           300000   300000        8         0

        CLASS   IDLOC          

        CLASS   EEDATA         



SEGMENTS        Name                           Load    Length   Top    Selector   Space  Class

                reset_vec                      000000  000006  000006         0       0  CODE    
                cstackCOMRAM                   000001  000057  000058         1       1  COMRAM  
                intcode                        000008  0000A6  0000AE         4       0  CODE    
                bssBANK0                       000080  000080  000100        80       1  BANK0   
                bssBANK1                       000100  000080  000180       100       1  BANK1   
                smallconst                     000600  000042  000642       300       0  SMALLCON
                text0                          000642  000DAD  0013EF       321       0  CODE    
                config                         300000  000008  300008    300000       0  CONFIG  


UNUSED ADDRESS RANGES

        Name                Unused          Largest block    Delta
        BANK1            000180-0001FF               80
        BANK2            000200-0002FF              100
        BANK3            000300-0003FF              100
        BANK4            000400-0004FF              100
        BANK5            000500-0005FF              100
        BIGRAM           000058-00007F               28
                         000180-0005FF              480
        CODE             000006-000007                2
                         0000AE-0005FF              552
                         0013EF-007FFF             2C11
        COMRAM           000058-00007F               28
        CONFIG           300008-30000D                6
        CONST            000006-000007                2
                         0000AE-0005FF              552
                         0013EF-007FFF             6C11
        EEDATA           F00000-F000FF              100
        IDLOC            200000-200007                8
        MEDIUMCONST      0013EF-007FFF             6C11
        RAM              000180-0005FF              100
        SFR              000F80-000FFF               80
        SMALLCONST       0013EF-007FFF              100

                                  Symbol Table

?_FIFOGet                    cstackCOMRAM 00001B
?_FIFOPut                    cstackCOMRAM 000001
?_FIFOUsedSpace              cstackCOMRAM 00001B
?_TMRDelayMs                 cstackCOMRAM 00001B
?_TMRGetSecondsCount         cstackCOMRAM 00001B
?_TMRSecondsElapsed          cstackCOMRAM 00001B
?_UARTOpen                   cstackCOMRAM 00001B
?_UARTPut                    cstackCOMRAM 00001B
?_UARTReadLine               cstackCOMRAM 00002C
?_UARTWriteLine              cstackCOMRAM 00001C
?___llmod                    cstackCOMRAM 000001
?___wmul                     cstackCOMRAM 00001B
?_atoi                       cstackCOMRAM 000021
?_isdigit                    cstackCOMRAM 00001B
?_strcmp                     cstackCOMRAM 00001B
?_strncmp                    cstackCOMRAM 00001B
FIFOGet@bNum                 cstackCOMRAM 00001B
FIFOGet@res                  cstackCOMRAM 000023
FIFOGet@wTailPtrShadow       cstackCOMRAM 000024
FIFOGet@wUsedSpaceShadow     cstackCOMRAM 000021
FIFOInit@i                   cstackCOMRAM 00001D
FIFOPut@b                    cstackCOMRAM 000003
FIFOPut@bNum                 cstackCOMRAM 000001
FIFOPut@wHeadPtrShadow       cstackCOMRAM 00000A
FIFOPut@wUsedSpaceShadow     cstackCOMRAM 000008
FIFOUsedSpace@bNum           cstackCOMRAM 00001B
TMRDelayMs@count             cstackCOMRAM 000027
TMRDelayMs@currentTicks      cstackCOMRAM 000023
TMRDelayMs@milliseconds      cstackCOMRAM 00001B
TMRSecondsElapsed@start      cstackCOMRAM 00001B
UARTGet@data                 cstackCOMRAM 000001
UARTOpen@spbrg               cstackCOMRAM 00001B
UARTPut@b                    cstackCOMRAM 00001B
UARTReadLine@b               cstackCOMRAM 000034
UARTReadLine@bytesRead       cstackCOMRAM 000032
UARTReadLine@callback        cstackCOMRAM 00002E
UARTReadLine@lineBuffer      cstackCOMRAM 00002C
UARTReadLine@usedSpace       cstackCOMRAM 000030
UARTServeInt@byteReceived    cstackCOMRAM 00000C
UARTWriteLine@pBuffer        cstackCOMRAM 00001C
_ADCON0                      (abs)        000FC2
_ADCON1bits                  (abs)        000FC1
_BoardInit                   text1        0012F4
_EnableInterrupts            text19       0013E4
_FIFOGet                     text20       000B94
_FIFOInit                    text3        000E7A
_FIFOPut                     text29       000C5C
_FIFOUsedSpace               text21       0012CE
_INTCONbits                  (abs)        000FF2
_LATBbits                    (abs)        000F8A
_PIE1bits                    (abs)        000F9D
_PIR1bits                    (abs)        000F9E
_PORTAbits                   (abs)        000F80
_RCIE                        (abs)        007CED
_RCIF                        (abs)        007CF5
_RCONbits                    (abs)        000FD0
_RCREG                       (abs)        000FAE
_RCSTAbits                   (abs)        000FAB
_SPBRG                       (abs)        000FAF
_T0CONbits                   (abs)        000FD5
_TMR0                        (abs)        000FD6
_TMR0IE                      (abs)        007F95
_TMR0IF                      (abs)        007F92
_TMRDelayMs                  text18       000F88
_TMRGetSecondsCount          text16       00138E
_TMRInit                     text2        001232
_TMRSecondsElapsed           text17       00116E
_TMRServeInt                 text28       000FF4
_TRISAbits                   (abs)        000F92
_TRISBbits                   (abs)        000F93
_TRISCbits                   (abs)        000F94
_TXREG                       (abs)        000FAD
_TXSTAbits                   (abs)        000FAC
_UARTBusy                    text23       001376
_UARTGet                     text30       0013D6
_UARTOpen                    text4        001318
_UARTPut                     text22       00135A
_UARTReadLine                text5        000D1E
_UARTServeInt                text27       00133C
_UARTWriteLine               text7        00105A
__CFG_BOR$OFF                (abs)        000000
__CFG_LVP$OFF                (abs)        000000
__CFG_OSC$HS                 (abs)        000000
__CFG_OSCS$OFF               (abs)        000000
__CFG_PWRT$OFF               (abs)        000000
__CFG_STVR$ON                (abs)        000000
__CFG_WDT$OFF                (abs)        000000
__HRAM                       (abs)        000000
__Habs1                      abs1         000000
__Hbank0                     bank0        000000
__Hbank1                     bank1        000000
__Hbank2                     bank2        000000
__Hbank3                     bank3        000000
__Hbank4                     bank4        000000
__Hbank5                     bank5        000000
__Hbigbss                    bigbss       000000
__Hbigdata                   bigdata      000000
__Hbigram                    bigram       000000
__Hbss                       bss          000000
__HbssBANK0                  bssBANK0     000000
__HbssBANK1                  bssBANK1     000000
__HbssCOMRAM                 bssCOMRAM    000000
__Hcinit                     cinit        000000
__Hclrtext                   clrtext      000000
__Hcomram                    comram       000000
__Hconfig                    config       300008
__Hconst                     const        000000
__HcstackCOMRAM              cstackCOMRAM 000000
__Hdata                      data         000000
__HdataCOMRAM                dataCOMRAM   000000
__Heeprom_data               eeprom_data  000000
__Hend_init                  end_init     0000AE
__Hfarbss                    farbss       000000
__Hfardata                   fardata      000000
__Hibigdata                  ibigdata     000000
__Hidata                     idata        000000
__HidataCOMRAM               idataCOMRAM  000000
__Hidloc                     idloc        000000
__Hifardata                  ifardata     000000
__Hinit                      init         0000AA
__Hintcode                   intcode      0000AA
__Hintcode_body              intcode_body 000000
__Hintcodelo                 intcodelo    0000AA
__Hintentry                  intentry     000000
__Hintret                    intret       000000
__Hintsave_regs              intsave_regs 000000
__Hirdata                    irdata       000000
__Hmediumconst               mediumconst  000000
__Hnvbit                     nvbit        000000
__Hnvrram                    nvrram       000000
__Hparam                     rparam       000000
__Hpowerup                   powerup      0000AA
__Hram                       ram          000000
__Hramtop                    ramtop       000600
__Hrbit                      rbit         000000
__Hrbss                      rbss         000000
__Hrdata                     rdata        000000
__Hreset_vec                 reset_vec    000006
__Hrparam                    rparam       000000
__Hsfr                       sfr          000000
__Hsmallconst                smallconst   000642
__Hstruct                    struct       000000
__Htemp                      temp         000000
__Htext                      text         000000
__Htext0                     text0        000000
__Htext1                     text1        000000
__Htext10                    text10       000000
__Htext11                    text11       000000
__Htext12                    text12       000000
__Htext13                    text13       000000
__Htext14                    text14       000000
__Htext15                    text15       000000
__Htext16                    text16       000000
__Htext17                    text17       000000
__Htext18                    text18       000000
__Htext19                    text19       000000
__Htext2                     text2        000000
__Htext20                    text20       000000
__Htext21                    text21       000000
__Htext22                    text22       000000
__Htext23                    text23       000000
__Htext24                    text24       000000
__Htext25                    text25       000000
__Htext27                    text27       000000
__Htext28                    text28       000000
__Htext29                    text29       000000
__Htext3                     text3        000000
__Htext30                    text30       000000
__Htext31                    text31       000000
__Htext32                    text32       000000
__Htext4                     text4        000000
__Htext5                     text5        000000
__Htext6                     text6        000000
__Htext7                     text7        000000
__Htext8                     text8        000000
__Htext9                     text9        000000
__LRAM                       (abs)        000001
__Labs1                      abs1         000000
__Lbank0                     bank0        000000
__Lbank1                     bank1        000000
__Lbank2                     bank2        000000
__Lbank3                     bank3        000000
__Lbank4                     bank4        000000
__Lbank5                     bank5        000000
__Lbigbss                    bigbss       000000
__Lbigdata                   bigdata      000000
__Lbigram                    bigram       000000
__Lbss                       bss          000000
__LbssBANK0                  bssBANK0     000000
__LbssBANK1                  bssBANK1     000000
__LbssCOMRAM                 bssCOMRAM    000000
__Lcinit                     cinit        000000
__Lclrtext                   clrtext      000000
__Lcomram                    comram       000000
__Lconfig                    config       300000
__Lconst                     const        000000
__LcstackCOMRAM              cstackCOMRAM 000000
__Ldata                      data         000000
__LdataCOMRAM                dataCOMRAM   000000
__Leeprom_data               eeprom_data  000000
__Lend_init                  end_init     0000AA
__Lfarbss                    farbss       000000
__Lfardata                   fardata      000000
__Libigdata                  ibigdata     000000
__Lidata                     idata        000000
__LidataCOMRAM               idataCOMRAM  000000
__Lidloc                     idloc        000000
__Lifardata                  ifardata     000000
__Linit                      init         0000AA
__Lintcode                   intcode      000008
__Lintcode_body              intcode_body 000000
__Lintcodelo                 intcodelo    0000AA
__Lintentry                  intentry     000000
__Lintret                    intret       000000
__Lintsave_regs              intsave_regs 000000
__Lirdata                    irdata       000000
__Lmediumconst               mediumconst  000000
__Lnvbit                     nvbit        000000
__Lnvrram                    nvrram       000000
__Lparam                     rparam       000000
__Lpowerup                   powerup      0000AA
__Lram                       ram          000000
__Lramtop                    ramtop       000600
__Lrbit                      rbit         000000
__Lrbss                      rbss         000000
__Lrdata                     rdata        000000
__Lreset_vec                 reset_vec    000000
__Lrparam                    rparam       000000
__Lsfr                       sfr          000000
__Lsmallconst                smallconst   000600
__Lstruct                    struct       000000
__Ltemp                      temp         000000
__Ltext                      text         000000
__Ltext0                     text0        000000
__Ltext1                     text1        000000
__Ltext10                    text10       000000
__Ltext11                    text11       000000
__Ltext12                    text12       000000
__Ltext13                    text13       000000
__Ltext14                    text14       000000
__Ltext15                    text15       000000
__Ltext16                    text16       000000
__Ltext17                    text17       000000
__Ltext18                    text18       000000
__Ltext19                    text19       000000
__Ltext2                     text2        000000
__Ltext20                    text20       000000
__Ltext21                    text21       000000
__Ltext22                    text22       000000
__Ltext23                    text23       000000
__Ltext24                    text24       000000
__Ltext25                    text25       000000
__Ltext27                    text27       000000
__Ltext28                    text28       000000
__Ltext29                    text29       000000
__Ltext3                     text3        000000
__Ltext30                    text30       000000
__Ltext31                    text31       000000
__Ltext32                    text32       000000
__Ltext4                     text4        000000
__Ltext5                     text5        000000
__Ltext6                     text6        000000
__Ltext7                     text7        000000
__Ltext8                     text8        000000
__Ltext9                     text9        000000
__S0                         (abs)        300008
__S1                         (abs)        000180
___llmod                     text31       000F04
___llmod@counter             cstackCOMRAM 00000A
___llmod@dividend            cstackCOMRAM 000001
___llmod@divisor             cstackCOMRAM 000005
___wmul                      text25       0011B0
___wmul@multiplicand         cstackCOMRAM 00001D
___wmul@multiplier           cstackCOMRAM 00001B
___wmul@product              cstackCOMRAM 00001F
__accesstop                  (abs)        000080
__activetblptr               (abs)        000002
__end_of_BoardInit           text1        001318
__end_of_EnableInterrupts    text19       0013EE
__end_of_FIFOGet             text20       000C5C
__end_of_FIFOInit            text3        000F04
__end_of_FIFOPut             text29       000D1E
__end_of_FIFOUsedSpace       text21       0012F4
__end_of_TMRDelayMs          text18       000FF4
__end_of_TMRGetSecondsCount  text16       0013A4
__end_of_TMRInit             text2        001272
__end_of_TMRSecondsElapsed   text17       0011B0
__end_of_TMRServeInt         text28       00105A
__end_of_UARTBusy            text23       00138E
__end_of_UARTGet             text30       0013E4
__end_of_UARTOpen            text4        00133C
__end_of_UARTPut             text22       001376
__end_of_UARTReadLine        text5        000DDA
__end_of_UARTServeInt        text27       00135A
__end_of_UARTWriteLine       text7        0010BC
__end_of___llmod             text31       000F88
__end_of___wmul              text25       0011F2
__end_of__initialization     cinit        001228
__end_of__stringdata         smallconst   000641
__end_of_atoi                text9        000AC4
__end_of_buttonTask          text11       00116E
__end_of_executeTasks        text10       0013D6
__end_of_isdigit             text24       0012A6
__end_of_isr                 intcode      0000AA
__end_of_main                text0        0009C2
__end_of_strcmp              text6        001118
__end_of_strncmp             text8        000E7A
__end_of_timerTask           text12       000B94
__end_of_toggleRelay         text15       0012CE
__end_of_turnOffRelay        text13       0013B6
__end_of_turnOnRelay         text14       0013C8
__initialization             cinit        0011F2
__mediumconst                mediumconst  000000
__pbssBANK0                  bssBANK0     000080
__pbssBANK1                  bssBANK1     000100
__pbssCOMRAM                 bssCOMRAM    00003B
__pcinit                     cinit        0011F2
__pcstackCOMRAM              cstackCOMRAM 000001
__pdataCOMRAM                dataCOMRAM   000057
__pidataCOMRAM               idataCOMRAM  0013EE
__pintcode                   intcode      000008
__psmallconst                smallconst   000600
__ptext0                     text0        000642
__ptext1                     text1        0012F4
__ptext10                    text10       0013C8
__ptext11                    text11       001118
__ptext12                    text12       000AC4
__ptext13                    text13       0013A4
__ptext14                    text14       0013B6
__ptext15                    text15       0012A6
__ptext16                    text16       00138E
__ptext17                    text17       00116E
__ptext18                    text18       000F88
__ptext19                    text19       0013E4
__ptext2                     text2        001232
__ptext20                    text20       000B94
__ptext21                    text21       0012CE
__ptext22                    text22       00135A
__ptext23                    text23       001376
__ptext24                    text24       001272
__ptext25                    text25       0011B0
__ptext27                    text27       00133C
__ptext28                    text28       000FF4
__ptext29                    text29       000C5C
__ptext3                     text3        000E7A
__ptext30                    text30       0013D6
__ptext31                    text31       000F04
__ptext32                    text32       000000
__ptext4                     text4        001318
__ptext5                     text5        000D1E
__ptext6                     text6        0010BC
__ptext7                     text7        00105A
__ptext8                     text8        000DDA
__ptext9                     text9        0009C2
__ramtop                     ramtop       000600
__size_of_BoardInit          (abs)        000000
__size_of_EnableInterrupts   (abs)        000000
__size_of_FIFOGet            (abs)        000000
__size_of_FIFOInit           (abs)        000000
__size_of_FIFOPut            (abs)        000000
__size_of_FIFOUsedSpace      (abs)        000000
__size_of_TMRDelayMs         (abs)        000000
__size_of_TMRGetSecondsCount (abs)        000000
__size_of_TMRInit            (abs)        000000
__size_of_TMRSecondsElapsed  (abs)        000000
__size_of_TMRServeInt        (abs)        000000
__size_of_UARTBusy           (abs)        000000
__size_of_UARTGet            (abs)        000000
__size_of_UARTOpen           (abs)        000000
__size_of_UARTPut            (abs)        000000
__size_of_UARTReadLine       (abs)        000000
__size_of_UARTServeInt       (abs)        000000
__size_of_UARTWriteLine      (abs)        000000
__size_of___llmod            (abs)        000000
__size_of___wmul             (abs)        000000
__size_of_atoi               (abs)        000000
__size_of_buttonTask         (abs)        000000
__size_of_executeTasks       (abs)        000000
__size_of_isdigit            (abs)        000000
__size_of_isr                (abs)        000000
__size_of_main               (abs)        000000
__size_of_strcmp             (abs)        000000
__size_of_strncmp            (abs)        000000
__size_of_timerTask          (abs)        000000
__size_of_toggleRelay        (abs)        000000
__size_of_turnOffRelay       (abs)        000000
__size_of_turnOnRelay        (abs)        000000
__smallconst                 smallconst   000600
__stringdata                 smallconst   000600
_atoi                        text9        0009C2
_bFIFOBuffer                 bssBANK1     000100
_buttonTask                  text11       001118
_executeTasks                text10       0013C8
_isdigit                     text24       001272
_isdigit$1425                cstackCOMRAM 00001D
_isr                         intcode      000008
_issueButton                 bssCOMRAM    000055
_lastSeconds                 bssCOMRAM    00003B
_line                        bssBANK0     000080
_main                        text0        000642
_main$216                    cstackCOMRAM 000037
_onTimer                     bssCOMRAM    000056
_secondsCount                bssCOMRAM    00003F
_startSeconds                bssCOMRAM    000043
_strcmp                      text6        0010BC
_strncmp                     text8        000DDA
_ticksCount                  bssCOMRAM    000047
_timerTask                   text12       000AC4
_timerTriggerState           dataCOMRAM   000057
_toggleRelay                 text15       0012A6
_triggerSeconds              bssCOMRAM    00004B
_turnOffRelay                text13       0013A4
_turnOnRelay                 text14       0013B6
_wHeadPtr                    bssCOMRAM    00004F
_wTailPtr                    bssCOMRAM    000051
_wUsedSpace                  bssCOMRAM    000053
atoi@a                       cstackCOMRAM 000027
atoi@s                       cstackCOMRAM 000021
atoi@sign                    cstackCOMRAM 000026
end_of_initialization        cinit        001228
intlevel0                    text         000000
intlevel1                    text         000000
intlevel2                    text         000000
intlevel3                    text         000000
isdigit@c                    cstackCOMRAM 00001B
main@num                     cstackCOMRAM 000039
start                        init         0000AA
start_initialization         cinit        0011F2
strcmp@r                     cstackCOMRAM 000020
strcmp@s1                    cstackCOMRAM 00001B
strcmp@s2                    cstackCOMRAM 00001D
strncmp@len                  cstackCOMRAM 00001F
strncmp@s1                   cstackCOMRAM 00001B
strncmp@s2                   cstackCOMRAM 00001D
timerTask@cs                 cstackCOMRAM 000024


FUNCTION INFORMATION:

 *************** function _main *****************
 Defined at:
		line 43 in file "D:\Dropbox\Proyectos\Electronica\BTRelay\Main.c"
 Parameters:    Size  Location     Type
		None
 Auto vars:     Size  Location     Type
  num             2   56[COMRAM] unsigned short 
 Return value:  Size  Location     Type
                  2   67[COMRAM] int 
 Registers used:
		wreg, fsr0l, fsr0h, fsr1l, fsr1h, fsr2l, fsr2h, status,2, status,0, pclat, tosl, structret, tblptrl, tblptrh, tblptru, prodl, prodh, bsr, cstack
 Tracked objects:
		On entry : 
		On exit  : 
		Unchanged: 
 Data sizes:     COMRAM   BANK0   BANK1   BANK2   BANK3   BANK4   BANK5
      Params:         0       0       0       0       0       0       0
      Locals:         4       0       0       0       0       0       0
      Temps:          2       0       0       0       0       0       0
      Totals:         6       0       0       0       0       0       0
Total ram usage:        6 bytes
 Hardware stack levels required when called:    7
 This function calls:
		_BoardInit
		_TMRInit
		_FIFOInit
		_UARTOpen
		_UARTReadLine
		_strcmp
		_UARTWriteLine
		_strncmp
		_turnOffRelay
		_turnOnRelay
		_toggleRelay
		_atoi
		_TMRGetSecondsCount
 This function is called by:
		Startup code after reset
 This function uses a non-reentrant model


 *************** function _BoardInit *****************
 Defined at:
		line 4 in file "D:\Dropbox\Proyectos\Electronica\BTRelay\HardwareProfile.c"
 Parameters:    Size  Location     Type
		None
 Auto vars:     Size  Location     Type
		None
 Return value:  Size  Location     Type
		None               void
 Registers used:
		wreg, fsr0l, fsr0h, fsr1l, fsr1h, fsr2l, fsr2h, status,2, status,0, pclat, tosl, structret, tblptrl, tblptrh, tblptru, prodl, prodh, bsr, cstack
 Tracked objects:
		On entry : 
		On exit  : 
		Unchanged: 
 Data sizes:     COMRAM   BANK0   BANK1   BANK2   BANK3   BANK4   BANK5
      Params:         0       0       0       0       0       0       0
      Locals:         0       0       0       0       0       0       0
      Temps:          0       0       0       0       0       0       0
      Totals:         0       0       0       0       0       0       0
Total ram usage:        0 bytes
 Hardware stack levels used:    1
 Hardware stack levels required when called:    4
 This function calls:
		_EnableInterrupts
 This function is called by:
		_main
 This function uses a non-reentrant model


 *************** function _TMRInit *****************
 Defined at:
		line 7 in file "D:\Dropbox\Proyectos\Electronica\BTRelay\Timer.c"
 Parameters:    Size  Location     Type
		None
 Auto vars:     Size  Location     Type
		None
 Return value:  Size  Location     Type
		None               void
 Registers used:
		wreg, status,2
 Tracked objects:
		On entry : 
		On exit  : 
		Unchanged: 
 Data sizes:     COMRAM   BANK0   BANK1   BANK2   BANK3   BANK4   BANK5
      Params:         0       0       0       0       0       0       0
      Locals:         0       0       0       0       0       0       0
      Temps:          0       0       0       0       0       0       0
      Totals:         0       0       0       0       0       0       0
Total ram usage:        0 bytes
 Hardware stack levels used:    1
 Hardware stack levels required when called:    3
 This function calls:
		Nothing
 This function is called by:
		_main
 This function uses a non-reentrant model


 *************** function _FIFOInit *****************
 Defined at:
		line 10 in file "D:\Dropbox\Proyectos\Electronica\BTRelay\FIFO.c"
 Parameters:    Size  Location     Type
		None
 Auto vars:     Size  Location     Type
  i               2   28[COMRAM] unsigned short 
 Return value:  Size  Location     Type
		None               void
 Registers used:
		wreg, fsr2l, fsr2h, status,2, status,0
 Tracked objects:
		On entry : 
		On exit  : 
		Unchanged: 
 Data sizes:     COMRAM   BANK0   BANK1   BANK2   BANK3   BANK4   BANK5
      Params:         0       0       0       0       0       0       0
      Locals:         2       0       0       0       0       0       0
      Temps:          2       0       0       0       0       0       0
      Totals:         4       0       0       0       0       0       0
Total ram usage:        4 bytes
 Hardware stack levels used:    1
 Hardware stack levels required when called:    3
 This function calls:
		Nothing
 This function is called by:
		_main
 This function uses a non-reentrant model


 *************** function _UARTOpen *****************
 Defined at:
		line 28 in file "D:\Dropbox\Proyectos\Electronica\BTRelay\UART.c"
 Parameters:    Size  Location     Type
  spbrg           1   26[COMRAM] unsigned char 
 Auto vars:     Size  Location     Type
		None
 Return value:  Size  Location     Type
		None               void
 Registers used:
		None
 Tracked objects:
		On entry : 
		On exit  : 
		Unchanged: 
 Data sizes:     COMRAM   BANK0   BANK1   BANK2   BANK3   BANK4   BANK5
      Params:         1       0       0       0       0       0       0
      Locals:         0       0       0       0       0       0       0
      Temps:          0       0       0       0       0       0       0
      Totals:         1       0       0       0       0       0       0
Total ram usage:        1 bytes
 Hardware stack levels used:    1
 Hardware stack levels required when called:    3
 This function calls:
		Nothing
 This function is called by:
		_main
 This function uses a non-reentrant model


 *************** function _UARTReadLine *****************
 Defined at:
		line 101 in file "D:\Dropbox\Proyectos\Electronica\BTRelay\UART.c"
 Parameters:    Size  Location     Type
  lineBuffer      2   43[COMRAM] PTR unsigned char 
		 -> line(128), 
  callback        2   45[COMRAM] PTR FTN()void 
		 -> executeTasks(0), 
 Auto vars:     Size  Location     Type
  bytesRead       2   49[COMRAM] unsigned short 
  usedSpace       2   47[COMRAM] unsigned short 
  b               1   51[COMRAM] unsigned char 
 Return value:  Size  Location     Type
                  2   43[COMRAM] unsigned short 
 Registers used:
		wreg, fsr0l, fsr0h, fsr1l, fsr1h, fsr2l, fsr2h, status,2, status,0, pclat, tosl, structret, tblptrl, tblptrh, tblptru, prodl, prodh, bsr, cstack
 Tracked objects:
		On entry : 
		On exit  : 
		Unchanged: 
 Data sizes:     COMRAM   BANK0   BANK1   BANK2   BANK3   BANK4   BANK5
      Params:         4       0       0       0       0       0       0
      Locals:         5       0       0       0       0       0       0
      Temps:          0       0       0       0       0       0       0
      Totals:         9       0       0       0       0       0       0
Total ram usage:        9 bytes
 Hardware stack levels used:    1
 Hardware stack levels required when called:    6
 This function calls:
		_executeTasks
		_FIFOUsedSpace
		_FIFOGet
		_UARTPut
 This function is called by:
		_main
 This function uses a non-reentrant model


 *************** function _strcmp *****************
 Defined at:
		line 34 in file "C:\Program Files (x86)\Microchip\xc8\v1.12\sources\strcmp.c"
 Parameters:    Size  Location     Type
  s1              2   26[COMRAM] PTR const unsigned char 
		 -> line(128), 
  s2              2   28[COMRAM] PTR const unsigned char 
		 -> STR_1(3), 
 Auto vars:     Size  Location     Type
  r               1   31[COMRAM] char 
 Return value:  Size  Location     Type
                  2   26[COMRAM] int 
 Registers used:
		wreg, fsr2l, fsr2h, status,2, status,0, tblptrl, tblptrh, tblptru
 Tracked objects:
		On entry : 
		On exit  : 
		Unchanged: 
 Data sizes:     COMRAM   BANK0   BANK1   BANK2   BANK3   BANK4   BANK5
      Params:         4       0       0       0       0       0       0
      Locals:         1       0       0       0       0       0       0
      Temps:          1       0       0       0       0       0       0
      Totals:         6       0       0       0       0       0       0
Total ram usage:        6 bytes
 Hardware stack levels used:    1
 Hardware stack levels required when called:    3
 This function calls:
		Nothing
 This function is called by:
		_main
 This function uses a non-reentrant model


 *************** function _UARTWriteLine *****************
 Defined at:
		line 141 in file "D:\Dropbox\Proyectos\Electronica\BTRelay\UART.c"
 Parameters:    Size  Location     Type
  pBuffer         2   27[COMRAM] PTR unsigned char 
		 -> STR_21(10), STR_20(7), STR_18(10), STR_17(7), 
		 -> STR_15(10), STR_14(7), STR_13(7), STR_11(10), 
		 -> STR_10(7), STR_9(10), STR_8(5), STR_7(3), 
		 -> STR_6(2), STR_5(2), STR_4(10), STR_2(7), 
 Auto vars:     Size  Location     Type
		None
 Return value:  Size  Location     Type
		None               void
 Registers used:
		wreg, fsr0l, fsr0h, fsr1l, fsr1h, fsr2l, fsr2h, status,2, status,0, pclat, tosl, structret, tblptrl, tblptrh, tblptru, prodl, prodh, bsr, cstack
 Tracked objects:
		On entry : 
		On exit  : 
		Unchanged: 
 Data sizes:     COMRAM   BANK0   BANK1   BANK2   BANK3   BANK4   BANK5
      Params:         2       0       0       0       0       0       0
      Locals:         0       0       0       0       0       0       0
      Temps:          0       0       0       0       0       0       0
      Totals:         2       0       0       0       0       0       0
Total ram usage:        2 bytes
 Hardware stack levels used:    1
 Hardware stack levels required when called:    5
 This function calls:
		_UARTBusy
		_UARTPut
 This function is called by:
		_main
 This function uses a non-reentrant model


 *************** function _strncmp *****************
 Defined at:
		line 5 in file "C:\Program Files (x86)\Microchip\xc8\v1.12\sources\strncmp.c"
 Parameters:    Size  Location     Type
  s1              2   26[COMRAM] PTR const unsigned char 
		 -> line(128), 
  s2              2   28[COMRAM] PTR const unsigned char 
		 -> STR_19(6), STR_16(7), STR_12(9), STR_3(9), 
  len             2   30[COMRAM] unsigned int 
 Auto vars:     Size  Location     Type
		None
 Return value:  Size  Location     Type
                  2   26[COMRAM] int 
 Registers used:
		wreg, fsr2l, fsr2h, status,2, status,0, tblptrl, tblptrh, tblptru
 Tracked objects:
		On entry : 
		On exit  : 
		Unchanged: 
 Data sizes:     COMRAM   BANK0   BANK1   BANK2   BANK3   BANK4   BANK5
      Params:         6       0       0       0       0       0       0
      Locals:         0       0       0       0       0       0       0
      Temps:          3       0       0       0       0       0       0
      Totals:         9       0       0       0       0       0       0
Total ram usage:        9 bytes
 Hardware stack levels used:    1
 Hardware stack levels required when called:    3
 This function calls:
		Nothing
 This function is called by:
		_main
 This function uses a non-reentrant model


 *************** function _atoi *****************
 Defined at:
		line 6 in file "C:\Program Files (x86)\Microchip\xc8\v1.12\sources\atoi.c"
 Parameters:    Size  Location     Type
  s               2   32[COMRAM] PTR const unsigned char 
		 -> line(128), 
 Auto vars:     Size  Location     Type
  a               2   38[COMRAM] int 
  sign            1   37[COMRAM] unsigned char 
 Return value:  Size  Location     Type
                  2   32[COMRAM] int 
 Registers used:
		wreg, fsr0l, fsr0h, fsr1l, fsr1h, fsr2l, fsr2h, status,2, status,0, pclat, tosl, structret, tblptrl, tblptrh, tblptru, prodl, prodh, bsr, cstack
 Tracked objects:
		On entry : 
		On exit  : 
		Unchanged: 
 Data sizes:     COMRAM   BANK0   BANK1   BANK2   BANK3   BANK4   BANK5
      Params:         2       0       0       0       0       0       0
      Locals:         3       0       0       0       0       0       0
      Temps:          3       0       0       0       0       0       0
      Totals:         8       0       0       0       0       0       0
Total ram usage:        8 bytes
 Hardware stack levels used:    1
 Hardware stack levels required when called:    4
 This function calls:
		___wmul
		_isdigit
 This function is called by:
		_main
 This function uses a non-reentrant model


 *************** function _executeTasks *****************
 Defined at:
		line 167 in file "D:\Dropbox\Proyectos\Electronica\BTRelay\Main.c"
 Parameters:    Size  Location     Type
		None
 Auto vars:     Size  Location     Type
		None
 Return value:  Size  Location     Type
		None               void
 Registers used:
		wreg, fsr0l, fsr0h, fsr1l, fsr1h, fsr2l, fsr2h, status,2, status,0, pclat, tosl, structret, tblptrl, tblptrh, tblptru, prodl, prodh, bsr, cstack
 Tracked objects:
		On entry : 
		On exit  : 
		Unchanged: 
 Data sizes:     COMRAM   BANK0   BANK1   BANK2   BANK3   BANK4   BANK5
      Params:         0       0       0       0       0       0       0
      Locals:         0       0       0       0       0       0       0
      Temps:          0       0       0       0       0       0       0
      Totals:         0       0       0       0       0       0       0
Total ram usage:        0 bytes
 Hardware stack levels used:    1
 Hardware stack levels required when called:    5
 This function calls:
		_buttonTask
		_timerTask
 This function is called by:
		_main
		_UARTReadLine
 This function uses a non-reentrant model


 *************** function _buttonTask *****************
 Defined at:
		line 6 in file "D:\Dropbox\Proyectos\Electronica\BTRelay\Button.c"
 Parameters:    Size  Location     Type
		None
 Auto vars:     Size  Location     Type
		None
 Return value:  Size  Location     Type
		None               void
 Registers used:
		wreg, fsr0l, fsr0h, fsr1l, fsr1h, fsr2l, fsr2h, status,2, status,0, pclat, tosl, structret, tblptrl, tblptrh, tblptru, prodl, prodh, bsr, cstack
 Tracked objects:
		On entry : 
		On exit  : 
		Unchanged: 
 Data sizes:     COMRAM   BANK0   BANK1   BANK2   BANK3   BANK4   BANK5
      Params:         0       0       0       0       0       0       0
      Locals:         0       0       0       0       0       0       0
      Temps:          1       0       0       0       0       0       0
      Totals:         1       0       0       0       0       0       0
Total ram usage:        1 bytes
 Hardware stack levels used:    1
 Hardware stack levels required when called:    4
 This function calls:
		_TMRDelayMs
		_toggleRelay
 This function is called by:
		_executeTasks
 This function uses a non-reentrant model


 *************** function _timerTask *****************
 Defined at:
		line 173 in file "D:\Dropbox\Proyectos\Electronica\BTRelay\Main.c"
 Parameters:    Size  Location     Type
		None
 Auto vars:     Size  Location     Type
  cs              4   35[COMRAM] unsigned long 
 Return value:  Size  Location     Type
		None               void
 Registers used:
		wreg, fsr0l, fsr0h, fsr1l, fsr1h, fsr2l, fsr2h, status,2, status,0, pclat, tosl, structret, tblptrl, tblptrh, tblptru, prodl, prodh, bsr, cstack
 Tracked objects:
		On entry : 
		On exit  : 
		Unchanged: 
 Data sizes:     COMRAM   BANK0   BANK1   BANK2   BANK3   BANK4   BANK5
      Params:         0       0       0       0       0       0       0
      Locals:         4       0       0       0       0       0       0
      Temps:          1       0       0       0       0       0       0
      Totals:         5       0       0       0       0       0       0
Total ram usage:        5 bytes
 Hardware stack levels used:    1
 Hardware stack levels required when called:    4
 This function calls:
		_TMRSecondsElapsed
		_turnOnRelay
		_turnOffRelay
		_toggleRelay
		_TMRGetSecondsCount
 This function is called by:
		_executeTasks
 This function uses a non-reentrant model


 *************** function _turnOffRelay *****************
 Defined at:
		line 16 in file "D:\Dropbox\Proyectos\Electronica\BTRelay\Relay.c"
 Parameters:    Size  Location     Type
		None
 Auto vars:     Size  Location     Type
		None
 Return value:  Size  Location     Type
		None               void
 Registers used:
		None
 Tracked objects:
		On entry : 
		On exit  : 
		Unchanged: 
 Data sizes:     COMRAM   BANK0   BANK1   BANK2   BANK3   BANK4   BANK5
      Params:         0       0       0       0       0       0       0
      Locals:         0       0       0       0       0       0       0
      Temps:          0       0       0       0       0       0       0
      Totals:         0       0       0       0       0       0       0
Total ram usage:        0 bytes
 Hardware stack levels used:    1
 Hardware stack levels required when called:    3
 This function calls:
		Nothing
 This function is called by:
		_main
		_timerTask
 This function uses a non-reentrant model


 *************** function _turnOnRelay *****************
 Defined at:
		line 10 in file "D:\Dropbox\Proyectos\Electronica\BTRelay\Relay.c"
 Parameters:    Size  Location     Type
		None
 Auto vars:     Size  Location     Type
		None
 Return value:  Size  Location     Type
		None               void
 Registers used:
		None
 Tracked objects:
		On entry : 
		On exit  : 
		Unchanged: 
 Data sizes:     COMRAM   BANK0   BANK1   BANK2   BANK3   BANK4   BANK5
      Params:         0       0       0       0       0       0       0
      Locals:         0       0       0       0       0       0       0
      Temps:          0       0       0       0       0       0       0
      Totals:         0       0       0       0       0       0       0
Total ram usage:        0 bytes
 Hardware stack levels used:    1
 Hardware stack levels required when called:    3
 This function calls:
		Nothing
 This function is called by:
		_main
		_timerTask
 This function uses a non-reentrant model


 *************** function _toggleRelay *****************
 Defined at:
		line 4 in file "D:\Dropbox\Proyectos\Electronica\BTRelay\Relay.c"
 Parameters:    Size  Location     Type
		None
 Auto vars:     Size  Location     Type
		None
 Return value:  Size  Location     Type
		None               void
 Registers used:
		wreg, status,2, status,0
 Tracked objects:
		On entry : 
		On exit  : 
		Unchanged: 
 Data sizes:     COMRAM   BANK0   BANK1   BANK2   BANK3   BANK4   BANK5
      Params:         0       0       0       0       0       0       0
      Locals:         0       0       0       0       0       0       0
      Temps:          1       0       0       0       0       0       0
      Totals:         1       0       0       0       0       0       0
Total ram usage:        1 bytes
 Hardware stack levels used:    1
 Hardware stack levels required when called:    3
 This function calls:
		Nothing
 This function is called by:
		_main
		_timerTask
		_buttonTask
 This function uses a non-reentrant model


 *************** function _TMRGetSecondsCount *****************
 Defined at:
		line 50 in file "D:\Dropbox\Proyectos\Electronica\BTRelay\Timer.c"
 Parameters:    Size  Location     Type
		None
 Auto vars:     Size  Location     Type
		None
 Return value:  Size  Location     Type
                  4   26[COMRAM] unsigned long 
 Registers used:
		None
 Tracked objects:
		On entry : 
		On exit  : 
		Unchanged: 
 Data sizes:     COMRAM   BANK0   BANK1   BANK2   BANK3   BANK4   BANK5
      Params:         4       0       0       0       0       0       0
      Locals:         0       0       0       0       0       0       0
      Temps:          0       0       0       0       0       0       0
      Totals:         4       0       0       0       0       0       0
Total ram usage:        4 bytes
 Hardware stack levels used:    1
 Hardware stack levels required when called:    3
 This function calls:
		Nothing
 This function is called by:
		_main
		_timerTask
 This function uses a non-reentrant model


 *************** function _TMRSecondsElapsed *****************
 Defined at:
		line 60 in file "D:\Dropbox\Proyectos\Electronica\BTRelay\Timer.c"
 Parameters:    Size  Location     Type
  start           4   26[COMRAM] unsigned long 
 Auto vars:     Size  Location     Type
		None
 Return value:  Size  Location     Type
                  4   26[COMRAM] unsigned long 
 Registers used:
		wreg, status,2, status,0
 Tracked objects:
		On entry : 
		On exit  : 
		Unchanged: 
 Data sizes:     COMRAM   BANK0   BANK1   BANK2   BANK3   BANK4   BANK5
      Params:         4       0       0       0       0       0       0
      Locals:         0       0       0       0       0       0       0
      Temps:          4       0       0       0       0       0       0
      Totals:         8       0       0       0       0       0       0
Total ram usage:        8 bytes
 Hardware stack levels used:    1
 Hardware stack levels required when called:    3
 This function calls:
		Nothing
 This function is called by:
		_timerTask
 This function uses a non-reentrant model


 *************** function _TMRDelayMs *****************
 Defined at:
		line 33 in file "D:\Dropbox\Proyectos\Electronica\BTRelay\Timer.c"
 Parameters:    Size  Location     Type
  milliseconds    4   26[COMRAM] unsigned long 
 Auto vars:     Size  Location     Type
  count           4   38[COMRAM] unsigned long 
  currentTicks    4   34[COMRAM] unsigned long 
 Return value:  Size  Location     Type
		None               void
 Registers used:
		wreg, status,2, status,0
 Tracked objects:
		On entry : 
		On exit  : 
		Unchanged: 
 Data sizes:     COMRAM   BANK0   BANK1   BANK2   BANK3   BANK4   BANK5
      Params:         4       0       0       0       0       0       0
      Locals:         8       0       0       0       0       0       0
      Temps:          4       0       0       0       0       0       0
      Totals:        16       0       0       0       0       0       0
Total ram usage:       16 bytes
 Hardware stack levels used:    1
 Hardware stack levels required when called:    3
 This function calls:
		Nothing
 This function is called by:
		_buttonTask
 This function uses a non-reentrant model


 *************** function _EnableInterrupts *****************
 Defined at:
		line 22 in file "D:\Dropbox\Proyectos\Electronica\BTRelay\HardwareProfile.c"
 Parameters:    Size  Location     Type
		None
 Auto vars:     Size  Location     Type
		None
 Return value:  Size  Location     Type
		None               void
 Registers used:
		None
 Tracked objects:
		On entry : 
		On exit  : 
		Unchanged: 
 Data sizes:     COMRAM   BANK0   BANK1   BANK2   BANK3   BANK4   BANK5
      Params:         0       0       0       0       0       0       0
      Locals:         0       0       0       0       0       0       0
      Temps:          0       0       0       0       0       0       0
      Totals:         0       0       0       0       0       0       0
Total ram usage:        0 bytes
 Hardware stack levels used:    1
 Hardware stack levels required when called:    3
 This function calls:
		Nothing
 This function is called by:
		_BoardInit
 This function uses a non-reentrant model


 *************** function _FIFOGet *****************
 Defined at:
		line 47 in file "D:\Dropbox\Proyectos\Electronica\BTRelay\FIFO.c"
 Parameters:    Size  Location     Type
  bNum            2   26[COMRAM] unsigned short 
 Auto vars:     Size  Location     Type
  wTailPtrShad    2   35[COMRAM] unsigned short 
  wUsedSpaceSh    2   32[COMRAM] unsigned short 
  res             1   34[COMRAM] unsigned char 
 Return value:  Size  Location     Type
                  1    wreg      unsigned char 
 Registers used:
		wreg, fsr2l, fsr2h, status,2, status,0
 Tracked objects:
		On entry : 
		On exit  : 
		Unchanged: 
 Data sizes:     COMRAM   BANK0   BANK1   BANK2   BANK3   BANK4   BANK5
      Params:         2       0       0       0       0       0       0
      Locals:         5       0       0       0       0       0       0
      Temps:          4       0       0       0       0       0       0
      Totals:        11       0       0       0       0       0       0
Total ram usage:       11 bytes
 Hardware stack levels used:    1
 Hardware stack levels required when called:    3
 This function calls:
		Nothing
 This function is called by:
		_UARTReadLine
 This function uses a non-reentrant model


 *************** function _FIFOUsedSpace *****************
 Defined at:
		line 121 in file "D:\Dropbox\Proyectos\Electronica\BTRelay\FIFO.c"
 Parameters:    Size  Location     Type
  bNum            2   26[COMRAM] unsigned short 
 Auto vars:     Size  Location     Type
		None
 Return value:  Size  Location     Type
                  2   26[COMRAM] unsigned short 
 Registers used:
		wreg, fsr2l, fsr2h, status,2, status,0
 Tracked objects:
		On entry : 
		On exit  : 
		Unchanged: 
 Data sizes:     COMRAM   BANK0   BANK1   BANK2   BANK3   BANK4   BANK5
      Params:         2       0       0       0       0       0       0
      Locals:         0       0       0       0       0       0       0
      Temps:          2       0       0       0       0       0       0
      Totals:         4       0       0       0       0       0       0
Total ram usage:        4 bytes
 Hardware stack levels used:    1
 Hardware stack levels required when called:    3
 This function calls:
		Nothing
 This function is called by:
		_UARTReadLine
 This function uses a non-reentrant model


 *************** function _UARTPut *****************
 Defined at:
		line 76 in file "D:\Dropbox\Proyectos\Electronica\BTRelay\UART.c"
 Parameters:    Size  Location     Type
  b               1   26[COMRAM] unsigned char 
 Auto vars:     Size  Location     Type
		None
 Return value:  Size  Location     Type
		None               void
 Registers used:
		wreg, status,2, cstack
 Tracked objects:
		On entry : 
		On exit  : 
		Unchanged: 
 Data sizes:     COMRAM   BANK0   BANK1   BANK2   BANK3   BANK4   BANK5
      Params:         1       0       0       0       0       0       0
      Locals:         0       0       0       0       0       0       0
      Temps:          0       0       0       0       0       0       0
      Totals:         1       0       0       0       0       0       0
Total ram usage:        1 bytes
 Hardware stack levels used:    1
 Hardware stack levels required when called:    4
 This function calls:
		_UARTBusy
 This function is called by:
		_UARTReadLine
		_UARTWriteLine
		_UARTSendBytes
 This function uses a non-reentrant model


 *************** function _UARTBusy *****************
 Defined at:
		line 54 in file "D:\Dropbox\Proyectos\Electronica\BTRelay\UART.c"
 Parameters:    Size  Location     Type
		None
 Auto vars:     Size  Location     Type
		None
 Return value:  Size  Location     Type
                  1    wreg      enum E2446
 Registers used:
		wreg
 Tracked objects:
		On entry : 
		On exit  : 
		Unchanged: 
 Data sizes:     COMRAM   BANK0   BANK1   BANK2   BANK3   BANK4   BANK5
      Params:         0       0       0       0       0       0       0
      Locals:         0       0       0       0       0       0       0
      Temps:          0       0       0       0       0       0       0
      Totals:         0       0       0       0       0       0       0
Total ram usage:        0 bytes
 Hardware stack levels used:    1
 Hardware stack levels required when called:    3
 This function calls:
		Nothing
 This function is called by:
		_UARTPut
		_UARTWriteLine
 This function uses a non-reentrant model


 *************** function _isdigit *****************
 Defined at:
		line 13 in file "C:\Program Files (x86)\Microchip\xc8\v1.12\sources\isdigit.c"
 Parameters:    Size  Location     Type
  c               1   26[COMRAM] unsigned char 
 Auto vars:     Size  Location     Type
		None
 Return value:  Size  Location     Type
		None               void
 Registers used:
		wreg, status,2, status,0
 Tracked objects:
		On entry : 
		On exit  : 
		Unchanged: 
 Data sizes:     COMRAM   BANK0   BANK1   BANK2   BANK3   BANK4   BANK5
      Params:         1       0       0       0       0       0       0
      Locals:         1       0       0       0       0       0       0
      Temps:          1       0       0       0       0       0       0
      Totals:         3       0       0       0       0       0       0
Total ram usage:        3 bytes
 Hardware stack levels used:    1
 Hardware stack levels required when called:    3
 This function calls:
		Nothing
 This function is called by:
		_atoi
 This function uses a non-reentrant model


 *************** function ___wmul *****************
 Defined at:
		line 3 in file "C:\Program Files (x86)\Microchip\xc8\v1.12\sources\wmul.c"
 Parameters:    Size  Location     Type
  multiplier      2   26[COMRAM] unsigned int 
  multiplicand    2   28[COMRAM] unsigned int 
 Auto vars:     Size  Location     Type
  product         2   30[COMRAM] unsigned int 
 Return value:  Size  Location     Type
                  2   26[COMRAM] unsigned int 
 Registers used:
		wreg, status,2, status,0
 Tracked objects:
		On entry : 
		On exit  : 
		Unchanged: 
 Data sizes:     COMRAM   BANK0   BANK1   BANK2   BANK3   BANK4   BANK5
      Params:         4       0       0       0       0       0       0
      Locals:         2       0       0       0       0       0       0
      Temps:          0       0       0       0       0       0       0
      Totals:         6       0       0       0       0       0       0
Total ram usage:        6 bytes
 Hardware stack levels used:    1
 Hardware stack levels required when called:    3
 This function calls:
		Nothing
 This function is called by:
		_atoi
 This function uses a non-reentrant model


 *************** function _isr *****************
 Defined at:
		line 31 in file "D:\Dropbox\Proyectos\Electronica\BTRelay\Main.c"
 Parameters:    Size  Location     Type
		None
 Auto vars:     Size  Location     Type
		None
 Return value:  Size  Location     Type
		None               void
 Registers used:
		wreg, fsr2l, fsr2h, status,2, status,0, cstack
 Tracked objects:
		On entry : 
		On exit  : 
		Unchanged: 
 Data sizes:     COMRAM   BANK0   BANK1   BANK2   BANK3   BANK4   BANK5
      Params:         0       0       0       0       0       0       0
      Locals:         0       0       0       0       0       0       0
      Temps:         14       0       0       0       0       0       0
      Totals:        14       0       0       0       0       0       0
Total ram usage:       14 bytes
 Hardware stack levels used:    1
 Hardware stack levels required when called:    2
 This function calls:
		_UARTServeInt
		_TMRServeInt
 This function is called by:
		Interrupt level 2
 This function uses a non-reentrant model


 *************** function _UARTServeInt *****************
 Defined at:
		line 9 in file "D:\Dropbox\Proyectos\Electronica\BTRelay\UART.c"
 Parameters:    Size  Location     Type
		None
 Auto vars:     Size  Location     Type
  byteReceived    1   11[COMRAM] unsigned char 
 Return value:  Size  Location     Type
		None               void
 Registers used:
		wreg, fsr2l, fsr2h, status,2, status,0, cstack
 Tracked objects:
		On entry : 
		On exit  : 
		Unchanged: 
 Data sizes:     COMRAM   BANK0   BANK1   BANK2   BANK3   BANK4   BANK5
      Params:         0       0       0       0       0       0       0
      Locals:         1       0       0       0       0       0       0
      Temps:          0       0       0       0       0       0       0
      Totals:         1       0       0       0       0       0       0
Total ram usage:        1 bytes
 Hardware stack levels used:    1
 Hardware stack levels required when called:    1
 This function calls:
		_UARTGet
		_FIFOPut
 This function is called by:
		_isr
 This function uses a non-reentrant model


 *************** function _TMRServeInt *****************
 Defined at:
		line 23 in file "D:\Dropbox\Proyectos\Electronica\BTRelay\Timer.c"
 Parameters:    Size  Location     Type
		None
 Auto vars:     Size  Location     Type
		None
 Return value:  Size  Location     Type
		None               void
 Registers used:
		wreg, status,2, status,0, cstack
 Tracked objects:
		On entry : 
		On exit  : 
		Unchanged: 
 Data sizes:     COMRAM   BANK0   BANK1   BANK2   BANK3   BANK4   BANK5
      Params:         0       0       0       0       0       0       0
      Locals:         0       0       0       0       0       0       0
      Temps:          0       0       0       0       0       0       0
      Totals:         0       0       0       0       0       0       0
Total ram usage:        0 bytes
 Hardware stack levels used:    1
 Hardware stack levels required when called:    1
 This function calls:
		___llmod
 This function is called by:
		_isr
 This function uses a non-reentrant model


 *************** function _FIFOPut *****************
 Defined at:
		line 29 in file "D:\Dropbox\Proyectos\Electronica\BTRelay\FIFO.c"
 Parameters:    Size  Location     Type
  bNum            2    0[COMRAM] unsigned short 
  b               1    2[COMRAM] unsigned char 
 Auto vars:     Size  Location     Type
  wHeadPtrShad    2    9[COMRAM] unsigned short 
  wUsedSpaceSh    2    7[COMRAM] unsigned short 
 Return value:  Size  Location     Type
		None               void
 Registers used:
		wreg, fsr2l, fsr2h, status,2, status,0
 Tracked objects:
		On entry : 
		On exit  : 
		Unchanged: 
 Data sizes:     COMRAM   BANK0   BANK1   BANK2   BANK3   BANK4   BANK5
      Params:         3       0       0       0       0       0       0
      Locals:         4       0       0       0       0       0       0
      Temps:          4       0       0       0       0       0       0
      Totals:        11       0       0       0       0       0       0
Total ram usage:       11 bytes
 Hardware stack levels used:    1
 This function calls:
		Nothing
 This function is called by:
		_UARTServeInt
 This function uses a non-reentrant model


 *************** function _UARTGet *****************
 Defined at:
		line 85 in file "D:\Dropbox\Proyectos\Electronica\BTRelay\UART.c"
 Parameters:    Size  Location     Type
		None
 Auto vars:     Size  Location     Type
  data            1    0[COMRAM] unsigned char 
 Return value:  Size  Location     Type
                  1    wreg      unsigned char 
 Registers used:
		wreg, status,2
 Tracked objects:
		On entry : 
		On exit  : 
		Unchanged: 
 Data sizes:     COMRAM   BANK0   BANK1   BANK2   BANK3   BANK4   BANK5
      Params:         0       0       0       0       0       0       0
      Locals:         1       0       0       0       0       0       0
      Temps:          0       0       0       0       0       0       0
      Totals:         1       0       0       0       0       0       0
Total ram usage:        1 bytes
 Hardware stack levels used:    1
 This function calls:
		Nothing
 This function is called by:
		_UARTServeInt
 This function uses a non-reentrant model


 *************** function ___llmod *****************
 Defined at:
		line 10 in file "C:\Program Files (x86)\Microchip\xc8\v1.12\sources\llmod.c"
 Parameters:    Size  Location     Type
  dividend        4    0[COMRAM] unsigned long 
  divisor         4    4[COMRAM] unsigned long 
 Auto vars:     Size  Location     Type
  counter         1    9[COMRAM] unsigned char 
 Return value:  Size  Location     Type
                  4    0[COMRAM] unsigned long 
 Registers used:
		wreg, status,2, status,0
 Tracked objects:
		On entry : 
		On exit  : 
		Unchanged: 
 Data sizes:     COMRAM   BANK0   BANK1   BANK2   BANK3   BANK4   BANK5
      Params:         8       0       0       0       0       0       0
      Locals:         1       0       0       0       0       0       0
      Temps:          1       0       0       0       0       0       0
      Totals:        10       0       0       0       0       0       0
Total ram usage:       10 bytes
 Hardware stack levels used:    1
 This function calls:
		Nothing
 This function is called by:
		_TMRServeInt
 This function uses a non-reentrant model



MODULE INFORMATION

Module		Function		Class		Link	Load	Size
D:\Dropbox\Proyectos\Electronica\BTRelay\Relay.c
		_turnOnRelay   		CODE           	13B6	0000	18
		_turnOffRelay  		CODE           	13A4	0000	18
		_toggleRelay   		CODE           	12A6	0000	40

D:\Dropbox\Proyectos\Electronica\BTRelay\Relay.c estimated size: 76

D:\Dropbox\Proyectos\Electronica\BTRelay\UART.c
		_UARTServeInt  		CODE           	133C	0000	30
		_UARTWriteLine 		CODE           	105A	0000	98
		_UARTOpen      		CODE           	1318	0000	36
		_UARTReadLine  		CODE           	0D1E	0000	188
		_UARTBusy      		CODE           	1376	0000	24
		_UARTGet       		CODE           	13D6	0000	14
		_UARTPut       		CODE           	135A	0000	28

D:\Dropbox\Proyectos\Electronica\BTRelay\UART.c estimated size: 418

C:\Program Files (x86)\Microchip\xc8\v1.12\sources\strcmp.c
		_strcmp        		CODE           	10BC	0000	92

C:\Program Files (x86)\Microchip\xc8\v1.12\sources\strcmp.c estimated size: 92

C:\Program Files (x86)\Microchip\xc8\v1.12\sources\llmod.c
		___llmod       		CODE           	0F04	0000	132

C:\Program Files (x86)\Microchip\xc8\v1.12\sources\llmod.c estimated size: 132

C:\Program Files (x86)\Microchip\xc8\v1.12\sources\atoi.c
		_atoi          		CODE           	09C2	0000	258

C:\Program Files (x86)\Microchip\xc8\v1.12\sources\atoi.c estimated size: 258

shared
		__stringdata   		SMALLCONST     	0600	0000	65
		__initializatio		CODE           	11F2	0000	54

shared estimated size: 119

D:\Dropbox\Proyectos\Electronica\BTRelay\HardwareProfile.c
		_BoardInit     		CODE           	12F4	0000	36
		_EnableInterrup		CODE           	13E4	0000	10

D:\Dropbox\Proyectos\Electronica\BTRelay\HardwareProfile.c estimated size: 46

D:\Dropbox\Proyectos\Electronica\BTRelay\Timer.c
		_TMRServeInt   		CODE           	0FF4	0000	102
		_TMRDelayMs    		CODE           	0F88	0000	108
		_TMRInit       		CODE           	1232	0000	64
		_TMRSecondsElap		CODE           	116E	0000	66
		_TMRGetSecondsC		CODE           	138E	0000	22

D:\Dropbox\Proyectos\Electronica\BTRelay\Timer.c estimated size: 362

D:\Dropbox\Proyectos\Electronica\BTRelay\Button.c
		_buttonTask    		CODE           	1118	0000	86

D:\Dropbox\Proyectos\Electronica\BTRelay\Button.c estimated size: 86

C:\Program Files (x86)\Microchip\xc8\v1.12\sources\wmul.c
		___wmul        		CODE           	11B0	0000	66

C:\Program Files (x86)\Microchip\xc8\v1.12\sources\wmul.c estimated size: 66

D:\Dropbox\Proyectos\Electronica\BTRelay\Main.c
		_executeTasks  		CODE           	13C8	0000	14
		_timerTask     		CODE           	0AC4	0000	208
		_main          		CODE           	0642	0000	896
		_isr           		CODE           	0008	0000	162

D:\Dropbox\Proyectos\Electronica\BTRelay\Main.c estimated size: 1280

C:\Program Files (x86)\Microchip\xc8\v1.12\sources\isdigit.c
		_isdigit       		CODE           	1272	0000	52

C:\Program Files (x86)\Microchip\xc8\v1.12\sources\isdigit.c estimated size: 52

D:\Dropbox\Proyectos\Electronica\BTRelay\FIFO.c
		_FIFOPut       		CODE           	0C5C	0000	194
		_FIFOInit      		CODE           	0E7A	0000	138
		_FIFOGet       		CODE           	0B94	0000	200
		_FIFOUsedSpace 		CODE           	12CE	0000	38

D:\Dropbox\Proyectos\Electronica\BTRelay\FIFO.c estimated size: 570

C:\Program Files (x86)\Microchip\xc8\v1.12\sources\strncmp.c
		_strncmp       		CODE           	0DDA	0000	160

C:\Program Files (x86)\Microchip\xc8\v1.12\sources\strncmp.c estimated size: 160

